// Jest Snapshot v1, https://goo.gl/fbAQLP

exports[`Error page component rendering. Should match snapshot.: Default HOC layout. 1`] = `
<Fragment>
  <MainHeader />
  <main
    className="content"
  >
    <div
      className="labelCard"
    >
      Page was not found.
    </div>
    <button
      onClick={[Function]}
    >
       Go Home 
    </button>
  </main>
</Fragment>
`;
