// Jest Snapshot v1, https://goo.gl/fbAQLP

exports[`Error page component rendering. Should match snapshot.: Default HOC layout. 1`] = `
<Fragment>
  <MainHeader />
  <main
    className="content"
  >
    <custom-card
      class="labelCard"
    >
      Page was not found.
    </custom-card>
    <custom-button
      onClick={[Function]}
    >
      Go Home
    </custom-button>
  </main>
</Fragment>
`;
