// Jest Snapshot v1, https://goo.gl/fbAQLP

exports[`Home page component rendering. Should match snapshot.: Default HOC layout. 1`] = `
<Fragment>
  <MainHeader />
  <main
    className="content"
  >
    <div
      className="linkCard"
    >
      <custom-card
        class="cardLink"
      >
        <a
          href="https://reactjs.org/"
          rel="noopener noreferrer"
          target="_blank"
        >
          React
        </a>
      </custom-card>
      <custom-card
        class="cardLink"
      >
        <a
          href="https://www.typescriptlang.org/"
          rel="noopener noreferrer"
          target="_blank"
        >
          Typescript
        </a>
      </custom-card>
      <custom-card
        class="cardLink"
      >
        <a
          href="https://github.com/Neloreck/dreamstate/"
          rel="noopener noreferrer"
          target="_blank"
        >
          DreamState
        </a>
      </custom-card>
    </div>
    <custom-button
      color="grayscale"
      onClick={[Function]}
    >
      About
    </custom-button>
  </main>
</Fragment>
`;
