// Jest Snapshot v1, https://goo.gl/fbAQLP

exports[`Home page component rendering. Should match snapshot.: Default HOC layout. 1`] = `
<Fragment>
  <MainHeader />
  <main
    className="content"
  >
    <div
      className="linksList"
    >
      <div
        className="link"
      >
        <a
          href="https://reactjs.org/"
          rel="noopener noreferrer"
          target="_blank"
        >
          React
        </a>
      </div>
      <div
        className="link"
      >
        <a
          href="https://www.typescriptlang.org/"
          rel="noopener noreferrer"
          target="_blank"
        >
          Typescript
        </a>
      </div>
      <div
        className="link"
      >
        <a
          href="https://github.com/Neloreck/dreamstate/"
          rel="noopener noreferrer"
          target="_blank"
        >
          DreamState
        </a>
      </div>
    </div>
    <button
      onClick={[Function]}
    >
      About
    </button>
  </main>
</Fragment>
`;
